// Jest Snapshot v1, https://goo.gl/fbAQLP

exports[`should build query object from a JSON AST 1`] = `
Object {
  "bindings": Array [
    "a",
    "a",
    "b",
    "c",
    false,
  ],
  "queryString": "((? = any(array[?,?,?]::text[])) AND not (?))",
}
`;
